[     513ms] [INFO] %cDownload the React DevTools for a better development experience: https://reactjs.org/link/react-devtools font-weight:bold @ http://localhost:3000/node_modules/.vite/deps/chunk-6GSFWH52.js?v=d4b470c6:21550
[   47866ms] [INFO] %cDownload the React DevTools for a better development experience: https://reactjs.org/link/react-devtools font-weight:bold @ http://localhost:3000/node_modules/.vite/deps/chunk-6GSFWH52.js?v=d4b470c6:21550
[  195775ms] TypeError: Cannot read properties of undefined (reading 'slice')
    at http://localhost:3000/src/components/Search/SearchBar.tsx?t=1787140056372:161:114
    at Array.map (<anonymous>)
    at SearchBar (http://localhost:3000/src/components/Search/SearchBar.tsx?t=1787140056372:135:17)
    at renderWithHooks (http://localhost:3000/node_modules/.vite/deps/chunk-6GSFWH52.js?v=d4b470c6:11548:26)
    at updateFunctionComponent (http://localhost:3000/node_modules/.vite/deps/chunk-6GSFWH52.js?v=d4b470c6:14582:28)
    at beginWork (http://localhost:3000/node_modules/.vite/deps/chunk-6GSFWH52.js?v=d4b470c6:15924:22)
    at HTMLUnknownElement.callCallback2 (http://localhost:3000/node_modules/.vite/deps/chunk-6GSFWH52.js?v=d4b470c6:3674:22)
    at Object.invokeGuardedCallbackDev (http://localhost:3000/node_modules/.vite/deps/chunk-6GSFWH52.js?v=d4b470c6:3699:24)
    at invokeGuardedCallback (http://localhost:3000/node_modules/.vite/deps/chunk-6GSFWH52.js?v=d4b470c6:3733:39)
    at beginWork$1 (http://localhost:3000/node_modules/.vite/deps/chunk-6GSFWH52.js?v=d4b470c6:19765:15)
[  195779ms] TypeError: Cannot read properties of undefined (reading 'slice')
    at http://localhost:3000/src/components/Search/SearchBar.tsx?t=1787140056372:161:114
    at Array.map (<anonymous>)
    at SearchBar (http://localhost:3000/src/components/Search/SearchBar.tsx?t=1787140056372:135:17)
    at renderWithHooks (http://localhost:3000/node_modules/.vite/deps/chunk-6GSFWH52.js?v=d4b470c6:11548:26)
    at updateFunctionComponent (http://localhost:3000/node_modules/.vite/deps/chunk-6GSFWH52.js?v=d4b470c6:14582:28)
    at beginWork (http://localhost:3000/node_modules/.vite/deps/chunk-6GSFWH52.js?v=d4b470c6:15924:22)
    at HTMLUnknownElement.callCallback2 (http://localhost:3000/node_modules/.vite/deps/chunk-6GSFWH52.js?v=d4b470c6:3674:22)
    at Object.invokeGuardedCallbackDev (http://localhost:3000/node_modules/.vite/deps/chunk-6GSFWH52.js?v=d4b470c6:3699:24)
    at invokeGuardedCallback (http://localhost:3000/node_modules/.vite/deps/chunk-6GSFWH52.js?v=d4b470c6:3733:39)
    at beginWork$1 (http://localhost:3000/node_modules/.vite/deps/chunk-6GSFWH52.js?v=d4b470c6:19765:15)
[  195783ms] [ERROR] The above error occurred in the <SearchBar> component:

    at SearchBar (http://localhost:3000/src/components/Search/SearchBar.tsx?t=1787140056372:22:29)
    at div
    at div
    at main
    at div
    at div
    at App (http://localhost:3000/src/App.tsx?t=1787140056372:26:39)

Consider adding an error boundary to your tree to customize error handling behavior.
Visit https://reactjs.org/link/error-boundaries to learn more about error boundaries. @ http://localhost:3000/node_modules/.vite/deps/chunk-6GSFWH52.js?v=d4b470c6:14031
[  195784ms] TypeError: Cannot read properties of undefined (reading 'slice')
    at http://localhost:3000/src/components/Search/SearchBar.tsx?t=1787140056372:161:114
    at Array.map (<anonymous>)
    at SearchBar (http://localhost:3000/src/components/Search/SearchBar.tsx?t=1787140056372:135:17)
    at renderWithHooks (http://localhost:3000/node_modules/.vite/deps/chunk-6GSFWH52.js?v=d4b470c6:11548:26)
    at updateFunctionComponent (http://localhost:3000/node_modules/.vite/deps/chunk-6GSFWH52.js?v=d4b470c6:14582:28)
    at beginWork (http://localhost:3000/node_modules/.vite/deps/chunk-6GSFWH52.js?v=d4b470c6:15924:22)
    at beginWork$1 (http://localhost:3000/node_modules/.vite/deps/chunk-6GSFWH52.js?v=d4b470c6:19753:22)
    at performUnitOfWork (http://localhost:3000/node_modules/.vite/deps/chunk-6GSFWH52.js?v=d4b470c6:19198:20)
    at workLoopSync (http://localhost:3000/node_modules/.vite/deps/chunk-6GSFWH52.js?v=d4b470c6:19137:13)
    at renderRootSync (http://localhost:3000/node_modules/.vite/deps/chunk-6GSFWH52.js?v=d4b470c6:19116:15)
