[      61ms] [INFO] %cDownload the React DevTools for a better development experience: https://reactjs.org/link/react-devtools font-weight:bold @ http://localhost:3000/node_modules/.vite/deps/chunk-6GSFWH52.js?v=bfcdeb8d:21550
[   87062ms] TypeError: vis.DataSet is not a constructor
    at init (http://localhost:3000/src/components/GraphView/GraphView.tsx:79:24)
[   87139ms] TypeError: vis.DataSet is not a constructor
    at init (http://localhost:3000/src/components/GraphView/GraphView.tsx:79:24)
[  106422ms] TypeError: vis.DataSet is not a constructor
    at init (http://localhost:3000/src/components/GraphView/GraphView.tsx:79:24)
[  108179ms] TypeError: vis.DataSet is not a constructor
    at init (http://localhost:3000/src/components/GraphView/GraphView.tsx?t=1787141505212:79:24)
[  108284ms] TypeError: vis.DataSet is not a constructor
    at init (http://localhost:3000/src/components/GraphView/GraphView.tsx?t=1787141505212:79:24)
[  111643ms] ReferenceError: vis is not defined
    at init (http://localhost:3000/src/components/GraphView/GraphView.tsx?t=1787141507879:92:24)
    at http://localhost:3000/src/components/GraphView/GraphView.tsx?t=1787141507879:123:5
    at commitHookEffectListMount (http://localhost:3000/node_modules/.vite/deps/chunk-6GSFWH52.js?v=bfcdeb8d:16915:34)
    at commitPassiveMountOnFiber (http://localhost:3000/node_modules/.vite/deps/chunk-6GSFWH52.js?v=bfcdeb8d:18156:19)
    at commitPassiveMountEffects_complete (http://localhost:3000/node_modules/.vite/deps/chunk-6GSFWH52.js?v=bfcdeb8d:18129:17)
    at commitPassiveMountEffects_begin (http://localhost:3000/node_modules/.vite/deps/chunk-6GSFWH52.js?v=bfcdeb8d:18119:15)
    at commitPassiveMountEffects (http://localhost:3000/node_modules/.vite/deps/chunk-6GSFWH52.js?v=bfcdeb8d:18109:11)
    at flushPassiveEffectsImpl (http://localhost:3000/node_modules/.vite/deps/chunk-6GSFWH52.js?v=bfcdeb8d:19490:11)
    at flushPassiveEffects (http://localhost:3000/node_modules/.vite/deps/chunk-6GSFWH52.js?v=bfcdeb8d:19447:22)
    at commitRootImpl (http://localhost:3000/node_modules/.vite/deps/chunk-6GSFWH52.js?v=bfcdeb8d:19416:13)
[  112093ms] [INFO] %cDownload the React DevTools for a better development experience: https://reactjs.org/link/react-devtools font-weight:bold @ http://localhost:3000/node_modules/.vite/deps/chunk-6GSFWH52.js?v=3e0f77d0:21550
